../Core/Src/main.c:113:6:I2C_send	32	static
../Core/Src/main.c:135:6:LCD_SendString	16	static
../Core/Src/main.c:151:5:main	32	static
../Core/Src/main.c:394:6:SystemClock_Config	88	static
../Core/Src/main.c:442:13:MX_ADC1_Init	24	static
../Core/Src/main.c:494:13:MX_I2C1_Init	8	static
../Core/Src/main.c:528:13:MX_RTC_Init	32	static
../Core/Src/main.c:591:13:MX_TIM1_Init	96	static
../Core/Src/main.c:666:13:MX_TIM2_Init	48	static
../Core/Src/main.c:730:13:MX_TIM3_Init	64	static
../Core/Src/main.c:789:13:MX_USART1_UART_Init	8	static
../Core/Src/main.c:820:13:MX_DMA_Init	16	static
../Core/Src/main.c:841:13:MX_GPIO_Init	40	static
../Core/Src/main.c:916:6:Error_Handler	4	static,ignoring_inline_asm
